--------- beginning of main
08-30 14:59:47.881 16389 16431 I jolt_raylib_gallery: enter main thread=16431 owner=16431
08-30 14:59:47.886 16389 16431 I jolt_raylib_gallery: dlopen ok thread=16431 owner=16431
08-30 14:59:50.076 16389 16431 I jolt_raylib_gallery: jolt_library_init result=0 thread=16431 owner=16431
08-30 14:59:50.077 16389 16431 I jolt_raylib_gallery: aggregate probe lookup name=raylib_abi_constant_size result=ok thread=16431 owner=16431
08-30 14:59:50.077 16389 16431 I jolt_raylib_gallery: aggregate probe call name=raylib_abi_constant_size result=4 thread=16431 owner=16431
08-30 14:59:50.077 16389 16431 I jolt_raylib_gallery: aggregate probe lookup name=raylib_abi_map_size result=ok thread=16431 owner=16431
08-30 14:59:50.077 16389 16431 I jolt_raylib_gallery: aggregate probe call name=raylib_abi_map_size result=4 thread=16431 owner=16431
08-30 14:59:50.077 16389 16431 I jolt_raylib_gallery: aggregate probe lookup name=raylib_abi_color_layout_map result=ok thread=16431 owner=16431
08-30 14:59:50.077 16389 16431 I jolt_raylib_gallery: aggregate probe call name=raylib_abi_color_layout_map result=1 thread=16431 owner=16431
08-30 14:59:50.077 16389 16431 I jolt_raylib_gallery: aggregate probe lookup name=raylib_abi_color_layout_marker result=ok thread=16431 owner=16431
08-30 14:59:50.077 16389 16431 I jolt_raylib_gallery: aggregate probe call name=raylib_abi_color_layout_marker result=1 thread=16431 owner=16431
08-30 14:59:50.077 16389 16431 I jolt_raylib_gallery: aggregate probe lookup name=raylib_abi_color_raw_size result=ok thread=16431 owner=16431
08-30 14:59:50.077 16389 16431 I jolt_raylib_gallery: aggregate probe call name=raylib_abi_color_raw_size result=4 thread=16431 owner=16431
08-30 14:59:50.077 16389 16431 I jolt_raylib_gallery: aggregate probe lookup name=raylib_abi_layout_size_bound result=ok thread=16431 owner=16431
08-30 14:59:50.077 16389 16431 I jolt_raylib_gallery: aggregate probe call name=raylib_abi_layout_size_bound result=1 thread=16431 owner=16431
08-30 14:59:50.077 16389 16431 I jolt_raylib_gallery: aggregate probe lookup name=raylib_abi_color_size result=ok thread=16431 owner=16431
08-30 14:59:50.077 16389 16431 I jolt_raylib_gallery: aggregate probe call name=raylib_abi_color_size result=4 thread=16431 owner=16431
08-30 14:59:50.077 16389 16431 I jolt_raylib_gallery: jolt_lookup aggregate verify=ok thread=16431 owner=16431
08-30 14:59:50.090 16389 16431 I jolt_raylib_gallery: aggregate matrix result=1 thread=16431 owner=16431
08-30 14:59:50.090 16389 16431 I jolt_raylib_gallery: jolt_lookup raylib_gallery=ok thread=16431 owner=16431
08-30 14:59:54.550 16389 16431 I jolt_raylib_gallery: raylib_gallery result=121 thread=16431 owner=16431
08-30 14:59:54.551 16389 16431 I jolt_raylib_gallery: jolt_library_shutdown thread=16431 owner=16431
08-30 14:59:54.553 16389 16431 I jolt_raylib_gallery: gallery bootstrap complete thread=16431 owner=16431
