08-30 16:45:59.745 20359 20377 I jolt_raylib_gallery: enter main thread=20377 owner=20377
08-30 16:45:59.755 20359 20377 I jolt_raylib_gallery: dlopen ok thread=20377 owner=20377
08-30 16:46:02.144 20359 20377 I jolt_raylib_gallery: jolt_library_init result=0 thread=20377 owner=20377
08-30 16:46:02.144 20359 20377 I jolt_raylib_gallery: aggregate probe lookup name=raylib_abi_constant_size result=ok thread=20377 owner=20377
08-30 16:46:02.144 20359 20377 I jolt_raylib_gallery: aggregate probe call name=raylib_abi_constant_size result=4 thread=20377 owner=20377
08-30 16:46:02.144 20359 20377 I jolt_raylib_gallery: aggregate probe lookup name=raylib_abi_map_size result=ok thread=20377 owner=20377
08-30 16:46:02.144 20359 20377 I jolt_raylib_gallery: aggregate probe call name=raylib_abi_map_size result=4 thread=20377 owner=20377
08-30 16:46:02.145 20359 20377 I jolt_raylib_gallery: aggregate probe lookup name=raylib_abi_color_layout_map result=ok thread=20377 owner=20377
08-30 16:46:02.145 20359 20377 I jolt_raylib_gallery: aggregate probe call name=raylib_abi_color_layout_map result=1 thread=20377 owner=20377
08-30 16:46:02.145 20359 20377 I jolt_raylib_gallery: aggregate probe lookup name=raylib_abi_color_layout_marker result=ok thread=20377 owner=20377
08-30 16:46:02.145 20359 20377 I jolt_raylib_gallery: aggregate probe call name=raylib_abi_color_layout_marker result=1 thread=20377 owner=20377
08-30 16:46:02.145 20359 20377 I jolt_raylib_gallery: aggregate probe lookup name=raylib_abi_color_raw_size result=ok thread=20377 owner=20377
08-30 16:46:02.145 20359 20377 I jolt_raylib_gallery: aggregate probe call name=raylib_abi_color_raw_size result=4 thread=20377 owner=20377
08-30 16:46:02.146 20359 20377 I jolt_raylib_gallery: aggregate probe lookup name=raylib_abi_layout_size_bound result=ok thread=20377 owner=20377
08-30 16:46:02.146 20359 20377 I jolt_raylib_gallery: aggregate probe call name=raylib_abi_layout_size_bound result=1 thread=20377 owner=20377
08-30 16:46:02.146 20359 20377 I jolt_raylib_gallery: aggregate probe lookup name=raylib_abi_color_size result=ok thread=20377 owner=20377
08-30 16:46:02.146 20359 20377 I jolt_raylib_gallery: aggregate probe call name=raylib_abi_color_size result=4 thread=20377 owner=20377
08-30 16:46:02.146 20359 20377 I jolt_raylib_gallery: jolt_lookup aggregate verify=ok thread=20377 owner=20377
08-30 16:46:02.159 20359 20377 I jolt_raylib_gallery: aggregate matrix result=1 thread=20377 owner=20377
08-30 16:46:02.159 20359 20377 I jolt_raylib_gallery: jolt_lookup raylib_gallery_debug=ok mode=debug-nrepl thread=20377 owner=20377
08-30 16:46:02.173 20359 20377 I jolt_raylib_nrepl: started loopback port=7888 owner-thread=0
08-30 16:46:02.681 20359 20377 I jolt_raylib_gallery_state: {:frame 0, :metrics {:screen [1080 2400], :render [1080 2400], :dpi-scale [1 1], :orientation :portrait}, :pointer {:phase :idle, :position nil}, :touches {:count 0, :ids [], :point-0 nil, :available-coordinates :none, :all-coordinates-available? false}, :gesture {:code 0}, :keyboard {:activate? false, :previous? false, :next? false, :back? false}, :gallery-contract 1, :gallery-mode :gallery, :selected-scene nil, :scene-frame nil, :shared-model {:counter 0, :event-count 0, :lifecycle nil, :worker nil, :notification-permission nil, :platform nil}, :effects [], :last-event nil, :tap-count 0, :hold-frames 0, :drag-samples 0, :close-requested? false, :runtime-state {:status :running, :frame 0, :owner-thread-id 0, :presentation :baseline, :gallery-mode :gallery, :selected-scene nil, :owner-queue {:pending 0, :operations [:submit-owner! :owner-result]}}}
08-30 16:46:07.771 20359 20377 I jolt_raylib_gallery_state: {:frame 150, :metrics {:screen [1080 2400], :render [1080 2400], :dpi-scale [1 1], :orientation :portrait}, :pointer {:phase :idle, :position nil}, :touches {:count 0, :ids [], :point-0 nil, :available-coordinates :none, :all-coordinates-available? false}, :gesture {:code 0}, :keyboard {:activate? false, :previous? false, :next? false, :back? false}, :gallery-contract 1, :gallery-mode :gallery, :selected-scene nil, :scene-frame nil, :shared-model {:counter 0, :event-count 0, :lifecycle nil, :worker nil, :notification-permission nil, :platform nil}, :effects [], :last-event nil, :tap-count 0, :hold-frames 0, :drag-samples 0, :close-requested? false, :runtime-state {:status :running, :frame 150, :owner-thread-id 0, :presentation :baseline, :gallery-mode :gallery, :selected-scene nil, :owner-queue {:pending 0, :operations [:submit-owner! :owner-result]}}}
08-30 16:46:12.774 20359 20377 I jolt_raylib_gallery_state: {:frame 300, :metrics {:screen [1080 2400], :render [1080 2400], :dpi-scale [1 1], :orientation :portrait}, :pointer {:phase :idle, :position nil}, :touches {:count 0, :ids [], :point-0 nil, :available-coordinates :none, :all-coordinates-available? false}, :gesture {:code 0}, :keyboard {:activate? false, :previous? false, :next? false, :back? false}, :gallery-contract 1, :gallery-mode :gallery, :selected-scene nil, :scene-frame nil, :shared-model {:counter 0, :event-count 0, :lifecycle nil, :worker nil, :notification-permission nil, :platform nil}, :effects [], :last-event nil, :tap-count 0, :hold-frames 0, :drag-samples 0, :close-requested? false, :runtime-state {:status :running, :frame 300, :owner-thread-id 0, :presentation :android-load-file-v3, :gallery-mode :gallery, :selected-scene nil, :owner-queue {:pending 0, :operations [:submit-owner! :owner-result]}}}
